python : C:\Users\Abbas\AppData\Roaming\Python\Python313\site-packages\sklearn\
base.py:380: InconsistentVersionWarning: Trying to unpickle estimator 
DecisionTreeClassifier from version 1.7.2 when using version 1.6.1. This might 
lead to breaking code or invalid results. Use at your own risk. For more info 
please refer to:
At line:1 char:1
+ python test_false_positives.py > test_output.txt 2>&1
+ ~~~~~~~~~~~~~~~~~~~~~~~~~~~~~~~~~~~~~~~~~~~~~~~~~~~~~
    + CategoryInfo          : NotSpecified: (C:\Users\Abbas\...lease refer to: 
   :String) [], RemoteException
    + FullyQualifiedErrorId : NativeCommandError
 
https://scikit-learn.org/stable/model_persistence.html#security-maintainability
-limitations
  warnings.warn(
C:\Users\Abbas\AppData\Roaming\Python\Python313\site-packages\sklearn\base.py:3
80: InconsistentVersionWarning: Trying to unpickle estimator 
RandomForestClassifier from version 1.7.2 when using version 1.6.1. This might 
lead to breaking code or invalid results. Use at your own risk. For more info 
please refer to:
https://scikit-learn.org/stable/model_persistence.html#security-maintainability
-limitations
  warnings.warn(
[2026-03-15 23:54:26,684] INFO in app: [PhishGuard] Domain age check: 
amazon.com
[2026-03-15 23:54:26,685] INFO in app: [PhishGuard] Known domain found: 
amazon.com, age: 11364 days
[2026-03-15 23:54:26,685] INFO in app: [PhishGuard] Google Safe Browsing 
check: https://amazon.com
[2026-03-15 23:54:27,096] WARNING in app: [PhishGuard] Google Safe Browsing 
failed for https://amazon.com: HTTP 403
[2026-03-15 23:54:27,096] INFO in app: [PhishGuard] PhishTank check (local): 
https://amazon.com
[2026-03-15 23:54:27,309] INFO in app: [PhishGuard] Loaded 56486 URLs from 
PhishTank CSV
[2026-03-15 23:54:27,309] INFO in app: [PhishGuard] Redirect detection: 
https://amazon.com
C:\Users\Abbas\AppData\Roaming\Python\Python313\site-packages\urllib3\connectio
npool.py:1097: InsecureRequestWarning: Unverified HTTPS request is being made 
to host 'amazon.com'. Adding certificate verification is strongly advised. 
See: https://urllib3.readthedocs.io/en/latest/advanced-usage.html#tls-warnings
  warnings.warn(
C:\Users\Abbas\AppData\Roaming\Python\Python313\site-packages\urllib3\connectio
npool.py:1097: InsecureRequestWarning: Unverified HTTPS request is being made 
to host 'www.amazon.com'. Adding certificate verification is strongly advised. 
See: https://urllib3.readthedocs.io/en/latest/advanced-usage.html#tls-warnings
  warnings.warn(
[2026-03-15 23:54:28,252] INFO in app: [PhishGuard] Redirect result: count=1, 
risk=0
[2026-03-15 23:54:28,253] INFO in app: [PhishGuard] Downloading OpenPhish 
feed...
[2026-03-15 23:54:28,844] INFO in app: [PhishGuard] OpenPhish feed loaded: 300 
URLs
[2026-03-15 23:54:28,844] INFO in app: [PhishGuard] OpenPhish check: 
https://amazon.com

======================================================================
PHISHGUARD AI - FALSE POSITIVE FIX VALIDATION
======================================================================

======================================================================
TESTING LEGITIMATE DOMAINS (should be SAFE)
======================================================================
Traceback (most recent call last):
  File "C:\Users\Abbas\phish-detector\test_false_positives.py", line 113, in 
<module>
    legitimate_ok = test_legitimate_urls()
  File "C:\Users\Abbas\phish-detector\test_false_positives.py", line 56, in 
test_legitimate_urls
    print(f"\n{status} - {url}")
    ~~~~~^^^^^^^^^^^^^^^^^^^^^^^
  File "C:\Python313\Lib\encodings\cp1252.py", line 19, in encode
    return codecs.charmap_encode(input,self.errors,encoding_table)[0]
           ~~~~~~~~~~~~~~~~~~~~~^^^^^^^^^^^^^^^^^^^^^^^^^^^^^^^^^^
UnicodeEncodeError: 'charmap' codec can't encode character '\u2713' in 
position 2: character maps to <undefined>
