python : C:\Users\Abbas\AppData\Roaming\Python\Python313\site-packages\sklearn\
base.py:380: InconsistentVersionWarning: Trying to unpickle estimator 
DecisionTreeClassifier from version 1.7.2 when using version 1.6.1. This might 
lead to breaking code or invalid results. Use at your own risk. For more info 
please refer to:
At line:1 char:43
+ cd c:\Users\Abbas\phish-detector\backend; python app.py 2>&1 | Tee-Ob ...
+                                           ~~~~~~~~~~~~~~~~~~
    + CategoryInfo          : NotSpecified: (C:\Users\Abbas\...lease refer to: 
   :String) [], RemoteException
    + FullyQualifiedErrorId : NativeCommandError
 
https://scikit-learn.org/stable/model_persistence.html#security-maintainability
-limitations
  warnings.warn(
C:\Users\Abbas\AppData\Roaming\Python\Python313\site-packages\sklearn\base.py:3
80: InconsistentVersionWarning: Trying to unpickle estimator 
RandomForestClassifier from version 1.7.2 when using version 1.6.1. This might 
lead to breaking code or invalid results. Use at your own risk. For more info 
please refer to:
https://scikit-learn.org/stable/model_persistence.html#security-maintainability
-limitations
  warnings.warn(
[2026-03-16 21:49:58,548] INFO in app: [PhishGuard] Initializing database...
[2026-03-16 21:49:58,553] INFO in app: [PhishGuard] Initializing threat 
intelligence feeds...
[2026-03-16 21:49:58,553] INFO in app: [PhishGuard] PhishTank CSV already 
present: phishtank.csv
[2026-03-16 21:49:58,555] INFO in app: [PhishGuard] Feed refresh worker thread 
started
[2026-03-16 21:49:58,555] INFO in app: [PhishGuard] Background feed refresh 
thread started
[2026-03-16 21:49:58,555] INFO in app: [PhishGuard] Backend initialized 
successfully
[DEBUG] GOOGLE_SAFE_BROWSING_API_KEY loaded as: ''
 * Serving Flask app 'app'
 * Debug mode: on
WARNING: This is a development server. Do not use it in a production 
deployment. Use a production WSGI server instead.
 * Running on all addresses (0.0.0.0)
 * Running on http://127.0.0.1:5000
 * Running on http://192.168.0.105:5000
Press CTRL+C to quit
 * Restarting with stat
C:\Users\Abbas\AppData\Roaming\Python\Python313\site-packages\sklearn\base.py:3
80: InconsistentVersionWarning: Trying to unpickle estimator 
DecisionTreeClassifier from version 1.7.2 when using version 1.6.1. This might 
lead to breaking code or invalid results. Use at your own risk. For more info 
please refer to:
https://scikit-learn.org/stable/model_persistence.html#security-maintainability
-limitations
  warnings.warn(
C:\Users\Abbas\AppData\Roaming\Python\Python313\site-packages\sklearn\base.py:3
80: InconsistentVersionWarning: Trying to unpickle estimator 
RandomForestClassifier from version 1.7.2 when using version 1.6.1. This might 
lead to breaking code or invalid results. Use at your own risk. For more info 
please refer to:
https://scikit-learn.org/stable/model_persistence.html#security-maintainability
-limitations
  warnings.warn(
[2026-03-16 21:50:06,166] INFO in app: [PhishGuard] Initializing database...
[2026-03-16 21:50:06,168] INFO in app: [PhishGuard] Initializing threat 
intelligence feeds...
[2026-03-16 21:50:06,168] INFO in app: [PhishGuard] PhishTank CSV already 
present: phishtank.csv
[2026-03-16 21:50:06,169] INFO in app: [PhishGuard] Feed refresh worker thread 
started
[2026-03-16 21:50:06,170] INFO in app: [PhishGuard] Background feed refresh 
thread started
[2026-03-16 21:50:06,170] INFO in app: [PhishGuard] Backend initialized 
successfully
 * Debugger is active!
 * Debugger PIN: 108-800-090
 * Detected change in 'C:\\Users\\Abbas\\phish-detector\\backend\\app.py', 
reloading
[DEBUG] GOOGLE_SAFE_BROWSING_API_KEY loaded as: ''
 * Restarting with stat
C:\Users\Abbas\AppData\Roaming\Python\Python313\site-packages\sklearn\base.py:3
80: InconsistentVersionWarning: Trying to unpickle estimator 
DecisionTreeClassifier from version 1.7.2 when using version 1.6.1. This might 
lead to breaking code or invalid results. Use at your own risk. For more info 
please refer to:
https://scikit-learn.org/stable/model_persistence.html#security-maintainability
-limitations
  warnings.warn(
C:\Users\Abbas\AppData\Roaming\Python\Python313\site-packages\sklearn\base.py:3
80: InconsistentVersionWarning: Trying to unpickle estimator 
RandomForestClassifier from version 1.7.2 when using version 1.6.1. This might 
lead to breaking code or invalid results. Use at your own risk. For more info 
please refer to:
https://scikit-learn.org/stable/model_persistence.html#security-maintainability
-limitations
  warnings.warn(
[2026-03-16 22:04:24,962] INFO in app: [PhishGuard] Initializing database...
[2026-03-16 22:04:24,967] INFO in app: [PhishGuard] Initializing threat 
intelligence feeds...
[2026-03-16 22:04:24,967] INFO in app: [PhishGuard] PhishTank CSV already 
present: phishtank.csv
[2026-03-16 22:04:24,970] INFO in app: [PhishGuard] Feed refresh worker thread 
started
[2026-03-16 22:04:24,970] INFO in app: [PhishGuard] Background feed refresh 
thread started
[2026-03-16 22:04:24,971] INFO in app: [PhishGuard] Backend initialized 
successfully
 * Debugger is active!
 * Debugger PIN: 108-800-090
 * Detected change in 'C:\\Users\\Abbas\\phish-detector\\backend\\app.py', 
reloading
 * Restarting with stat
C:\Users\Abbas\AppData\Roaming\Python\Python313\site-packages\sklearn\base.py:3
80: InconsistentVersionWarning: Trying to unpickle estimator 
DecisionTreeClassifier from version 1.7.2 when using version 1.6.1. This might 
lead to breaking code or invalid results. Use at your own risk. For more info 
please refer to:
https://scikit-learn.org/stable/model_persistence.html#security-maintainability
-limitations
  warnings.warn(
C:\Users\Abbas\AppData\Roaming\Python\Python313\site-packages\sklearn\base.py:3
80: InconsistentVersionWarning: Trying to unpickle estimator 
RandomForestClassifier from version 1.7.2 when using version 1.6.1. This might 
lead to breaking code or invalid results. Use at your own risk. For more info 
please refer to:
https://scikit-learn.org/stable/model_persistence.html#security-maintainability
-limitations
  warnings.warn(
[2026-03-16 22:04:50,648] INFO in app: [PhishGuard] Initializing database...
[2026-03-16 22:04:50,651] INFO in app: [PhishGuard] Initializing threat 
intelligence feeds...
[2026-03-16 22:04:50,651] INFO in app: [PhishGuard] PhishTank CSV already 
present: phishtank.csv
[2026-03-16 22:04:50,654] INFO in app: [PhishGuard] Feed refresh worker thread 
started
[2026-03-16 22:04:50,654] INFO in app: [PhishGuard] Background feed refresh 
thread started
[2026-03-16 22:04:50,655] INFO in app: [PhishGuard] Backend initialized 
successfully
 * Debugger is active!
 * Debugger PIN: 108-800-090
 * Detected change in 'C:\\Users\\Abbas\\phish-detector\\backend\\app.py', 
reloading
 * Restarting with stat
C:\Users\Abbas\AppData\Roaming\Python\Python313\site-packages\sklearn\base.py:3
80: InconsistentVersionWarning: Trying to unpickle estimator 
DecisionTreeClassifier from version 1.7.2 when using version 1.6.1. This might 
lead to breaking code or invalid results. Use at your own risk. For more info 
please refer to:
https://scikit-learn.org/stable/model_persistence.html#security-maintainability
-limitations
  warnings.warn(
C:\Users\Abbas\AppData\Roaming\Python\Python313\site-packages\sklearn\base.py:3
80: InconsistentVersionWarning: Trying to unpickle estimator 
RandomForestClassifier from version 1.7.2 when using version 1.6.1. This might 
lead to breaking code or invalid results. Use at your own risk. For more info 
please refer to:
https://scikit-learn.org/stable/model_persistence.html#security-maintainability
-limitations
  warnings.warn(
[2026-03-16 22:05:22,432] INFO in app: [PhishGuard] Initializing database...
[2026-03-16 22:05:22,435] INFO in app: [PhishGuard] Initializing threat 
intelligence feeds...
[2026-03-16 22:05:22,435] INFO in app: [PhishGuard] PhishTank CSV already 
present: phishtank.csv
[2026-03-16 22:05:22,437] INFO in app: [PhishGuard] Feed refresh worker thread 
started
[2026-03-16 22:05:22,438] INFO in app: [PhishGuard] Background feed refresh 
thread started
[2026-03-16 22:05:22,438] INFO in app: [PhishGuard] Backend initialized 
successfully
 * Debugger is active!
 * Debugger PIN: 108-800-090
 * Detected change in 'C:\\Users\\Abbas\\phish-detector\\backend\\app.py', 
reloading
 * Restarting with stat
C:\Users\Abbas\AppData\Roaming\Python\Python313\site-packages\sklearn\base.py:3
80: InconsistentVersionWarning: Trying to unpickle estimator 
DecisionTreeClassifier from version 1.7.2 when using version 1.6.1. This might 
lead to breaking code or invalid results. Use at your own risk. For more info 
please refer to:
https://scikit-learn.org/stable/model_persistence.html#security-maintainability
-limitations
  warnings.warn(
C:\Users\Abbas\AppData\Roaming\Python\Python313\site-packages\sklearn\base.py:3
80: InconsistentVersionWarning: Trying to unpickle estimator 
RandomForestClassifier from version 1.7.2 when using version 1.6.1. This might 
lead to breaking code or invalid results. Use at your own risk. For more info 
please refer to:
https://scikit-learn.org/stable/model_persistence.html#security-maintainability
-limitations
  warnings.warn(
[2026-03-16 22:05:57,461] INFO in app: [PhishGuard] Initializing database...
[2026-03-16 22:05:57,467] INFO in app: [PhishGuard] Initializing threat 
intelligence feeds...
[2026-03-16 22:05:57,468] INFO in app: [PhishGuard] PhishTank CSV already 
present: phishtank.csv
[2026-03-16 22:05:57,470] INFO in app: [PhishGuard] Feed refresh worker thread 
started
[2026-03-16 22:05:57,471] INFO in app: [PhishGuard] Background feed refresh 
thread started
[2026-03-16 22:05:57,471] INFO in app: [PhishGuard] Backend initialized 
successfully
 * Debugger is active!
 * Debugger PIN: 108-800-090
 * Detected change in 'C:\\Users\\Abbas\\phish-detector\\backend\\app.py', 
reloading
 * Restarting with stat
C:\Users\Abbas\AppData\Roaming\Python\Python313\site-packages\sklearn\base.py:3
80: InconsistentVersionWarning: Trying to unpickle estimator 
DecisionTreeClassifier from version 1.7.2 when using version 1.6.1. This might 
lead to breaking code or invalid results. Use at your own risk. For more info 
please refer to:
https://scikit-learn.org/stable/model_persistence.html#security-maintainability
-limitations
  warnings.warn(
C:\Users\Abbas\AppData\Roaming\Python\Python313\site-packages\sklearn\base.py:3
80: InconsistentVersionWarning: Trying to unpickle estimator 
RandomForestClassifier from version 1.7.2 when using version 1.6.1. This might 
lead to breaking code or invalid results. Use at your own risk. For more info 
please refer to:
https://scikit-learn.org/stable/model_persistence.html#security-maintainability
-limitations
  warnings.warn(
[2026-03-16 22:06:07,588] INFO in app: [PhishGuard] Initializing database...
[2026-03-16 22:06:07,594] INFO in app: [PhishGuard] Initializing threat 
intelligence feeds...
[2026-03-16 22:06:07,595] INFO in app: [PhishGuard] PhishTank CSV already 
present: phishtank.csv
[2026-03-16 22:06:07,597] INFO in app: [PhishGuard] Feed refresh worker thread 
started
[2026-03-16 22:06:07,598] INFO in app: [PhishGuard] Background feed refresh 
thread started
[2026-03-16 22:06:07,598] INFO in app: [PhishGuard] Backend initialized 
successfully
 * Debugger is active!
 * Debugger PIN: 108-800-090
 * Detected change in 'C:\\Users\\Abbas\\phish-detector\\backend\\app.py', 
reloading
 * Restarting with stat
C:\Users\Abbas\AppData\Roaming\Python\Python313\site-packages\sklearn\base.py:3
80: InconsistentVersionWarning: Trying to unpickle estimator 
DecisionTreeClassifier from version 1.7.2 when using version 1.6.1. This might 
lead to breaking code or invalid results. Use at your own risk. For more info 
please refer to:
https://scikit-learn.org/stable/model_persistence.html#security-maintainability
-limitations
  warnings.warn(
C:\Users\Abbas\AppData\Roaming\Python\Python313\site-packages\sklearn\base.py:3
80: InconsistentVersionWarning: Trying to unpickle estimator 
RandomForestClassifier from version 1.7.2 when using version 1.6.1. This might 
lead to breaking code or invalid results. Use at your own risk. For more info 
please refer to:
https://scikit-learn.org/stable/model_persistence.html#security-maintainability
-limitations
  warnings.warn(
[2026-03-16 22:25:03,438] INFO in app: [PhishGuard] Initializing database...
[2026-03-16 22:25:03,446] INFO in app: [PhishGuard] Initializing threat 
intelligence feeds...
[2026-03-16 22:25:03,447] INFO in app: [PhishGuard] PhishTank CSV already 
present: phishtank.csv
[2026-03-16 22:25:03,450] INFO in app: [PhishGuard] Feed refresh worker thread 
started
[2026-03-16 22:25:03,451] INFO in app: [PhishGuard] Background feed refresh 
thread started
[2026-03-16 22:25:03,451] INFO in app: [PhishGuard] Backend initialized 
successfully
 * Debugger is active!
 * Debugger PIN: 108-800-090
 * Detected change in 'C:\\Users\\Abbas\\phish-detector\\backend\\app.py', 
reloading
 * Restarting with stat
C:\Users\Abbas\AppData\Roaming\Python\Python313\site-packages\sklearn\base.py:3
80: InconsistentVersionWarning: Trying to unpickle estimator 
DecisionTreeClassifier from version 1.7.2 when using version 1.6.1. This might 
lead to breaking code or invalid results. Use at your own risk. For more info 
please refer to:
https://scikit-learn.org/stable/model_persistence.html#security-maintainability
-limitations
  warnings.warn(
C:\Users\Abbas\AppData\Roaming\Python\Python313\site-packages\sklearn\base.py:3
80: InconsistentVersionWarning: Trying to unpickle estimator 
RandomForestClassifier from version 1.7.2 when using version 1.6.1. This might 
lead to breaking code or invalid results. Use at your own risk. For more info 
please refer to:
https://scikit-learn.org/stable/model_persistence.html#security-maintainability
-limitations
  warnings.warn(
[2026-03-16 22:34:15,113] INFO in app: [PhishGuard] Initializing database...
[2026-03-16 22:34:15,114] INFO in app: [PhishGuard] Initializing threat 
intelligence feeds...
[2026-03-16 22:34:15,115] INFO in app: [PhishGuard] PhishTank CSV already 
present: phishtank.csv
[2026-03-16 22:34:15,116] INFO in app: [PhishGuard] Feed refresh worker thread 
started
[2026-03-16 22:34:15,116] INFO in app: [PhishGuard] Background feed refresh 
thread started
[2026-03-16 22:34:15,116] INFO in app: [PhishGuard] Backend initialized 
successfully
 * Debugger is active!
 * Debugger PIN: 108-800-090
 * Detected change in 'C:\\Users\\Abbas\\phish-detector\\backend\\app.py', 
reloading
 * Restarting with stat
C:\Users\Abbas\AppData\Roaming\Python\Python313\site-packages\sklearn\base.py:3
80: InconsistentVersionWarning: Trying to unpickle estimator 
DecisionTreeClassifier from version 1.7.2 when using version 1.6.1. This might 
lead to breaking code or invalid results. Use at your own risk. For more info 
please refer to:
https://scikit-learn.org/stable/model_persistence.html#security-maintainability
-limitations
  warnings.warn(
C:\Users\Abbas\AppData\Roaming\Python\Python313\site-packages\sklearn\base.py:3
80: InconsistentVersionWarning: Trying to unpickle estimator 
RandomForestClassifier from version 1.7.2 when using version 1.6.1. This might 
lead to breaking code or invalid results. Use at your own risk. For more info 
please refer to:
https://scikit-learn.org/stable/model_persistence.html#security-maintainability
-limitations
  warnings.warn(
[2026-03-16 22:34:36,019] INFO in app: [PhishGuard] Initializing database...
[2026-03-16 22:34:36,022] INFO in app: [PhishGuard] Initializing threat 
intelligence feeds...
[2026-03-16 22:34:36,022] INFO in app: [PhishGuard] PhishTank CSV already 
present: phishtank.csv
[2026-03-16 22:34:36,024] INFO in app: [PhishGuard] Feed refresh worker thread 
started
[2026-03-16 22:34:36,024] INFO in app: [PhishGuard] Background feed refresh 
thread started
[2026-03-16 22:34:36,024] INFO in app: [PhishGuard] Backend initialized 
successfully
 * Debugger is active!
 * Debugger PIN: 108-800-090
[2026-03-16 22:59:31,499] INFO in app: [PhishGuard] Starting feed refresh 
cycle...
[2026-03-16 22:59:31,512] INFO in app: [PhishGuard] Refreshing OpenPhish 
feed...
[2026-03-16 22:59:32,591] INFO in app: [PhishGuard] OpenPhish feed refreshed: 
300 URLs
[2026-03-16 22:59:32,592] INFO in app: [PhishGuard] Refreshing PhishTank 
dataset...
[2026-03-16 22:59:35,344] INFO in app: [PhishGuard] PhishTank dataset 
refreshed: 56317 lines
[2026-03-16 22:59:35,344] INFO in app: [PhishGuard] Feed refresh cycle 
completed
